<testsuites name="results">
  <testsuite name="all" package="all">
    <property name="random_seed" value="1744942087" />
    <testcase name="test_batch_hw_file_io" classname="test_batch_hw_file_io" file="/mnt/d/PSU/HW_For_AI_teuscher/Week_3/Simple_Adder_HW_Accelerator/test_batch_hw_file_io.py" lineno="17" time="0.17812323570251465" sim_time_ns="1030.001" ratio_time="5782.519029242287" />
  </testsuite>
</testsuites>
